[backblue.gif]
[fade.gif]
[index.html]
[maxcdn.bootstrapcdn.com/bootstrap/3.3.7/css/bootstrap.min.css]
[troika.ieeedtu.com/img/ico/favicon-16x16.png]
[maxcdn.bootstrapcdn.com/font-awesome/4.7.0/css/font-awesome.min.css]
[troika.ieeedtu.com/img/ico/favicon-32x32.png]
[troika.ieeedtu.com/img/ico/apple-icon-57x57.png]
[troika.ieeedtu.com/img/ico/apple-icon-60x60.png]
[troika.ieeedtu.com/img/ico/apple-icon-72x72.png]
[troika.ieeedtu.com/img/ico/apple-icon-76x76.png]
[troika.ieeedtu.com/img/ico/favicon-96x96.png]
[troika.ieeedtu.com/img/ico/apple-icon-114x114.png]
[troika.ieeedtu.com/img/ico/apple-icon-120x120.png]
[troika.ieeedtu.com/img/ico/apple-icon-144x144.png]
[troika.ieeedtu.com/img/ico/apple-icon-152x152.png]
[troika.ieeedtu.com/img/ico/apple-icon-180x180.png]
[troika.ieeedtu.com/img/ico/android-icon-192x192.png]
[troika.ieeedtu.com/troika2.png]
[troika.ieeedtu.com/img/ieee_dtu.gif]
[troika.ieeedtu.com/img/dtu_logo.png]
[ajax.googleapis.com/ajax/libs/jquery/3.2.1/jquery.min.js]
[troika.ieeedtu.com/javaScript/script.js]
[troika.ieeedtu.com/javaScript/particles.js]
[cdnjs.cloudflare.com/ajax/libs/jquery-easing/1.3/jquery.easing.min.js]
[troika.ieeedtu.com/javaScript/apps.js]
[troika.ieeedtu.com/indexMob.html]
[maxcdn.bootstrapcdn.com/bootstrap/3.3.7/css/bootstrap.min.css]
[troika.ieeedtu.com/img/Preloader_3.gif]
[troika.ieeedtu.com/img/BG5.jpg]
[maxcdn.bootstrapcdn.com/bootstrap/3.3.7/js/bootstrap.min.js]
[troika.ieeedtu.com/img/BG11.jpg]
[troika.ieeedtu.com/css/style.css]
[maxcdn.bootstrapcdn.com/font-awesome/4.7.0/css/font-awesome.min.css]
[troika.ieeedtu.com/assets/favicon.ico]
[cdnjs.cloudflare.com/ajax/libs/normalize/5.0.0/normalize.min.css]
[code.jquery.com/jquery-1.12.4.min.js]
[rawgit.com/mayognaise/aframe-mouse-cursor-component/master/dist/aframe-mouse-cursor-component.min.js]
[aframe.io/releases/0.7.0/aframe.min.js]
[static1.squarespace.com/static/585a4892bebafba69928fcd7/58d854001e5b6cc3c401841b/58d854938419c267b73956cb/1490572452018/b.gif]
[troika.ieeedtu.com/assets/earth-obj/earth.gltf]
[troika.ieeedtu.com/assets/Moon_3D_Model/moon.obj]
[troika.ieeedtu.com/assets/Moon_3D_Model/moon.mtl]
[troika.ieeedtu.com/assets/ship/rocket1.obj]
[cdnjs.cloudflare.com/ajax/libs/gsap/1.16.1/TweenMax.min.js]
[troika.ieeedtu.com/assets/ship/rocket1.mtl]
[troika.ieeedtu.com/assets/nasa-aqua-satellite-obj/nasa-aqua-satellite.gltf]
[troika.ieeedtu.com/assets/mars-obj/mars.gltf]
[troika.ieeedtu.com/assets/dtu-oat/final.gltf]
[troika.ieeedtu.com/assets/sun-obj/sun.gltf]
[troika.ieeedtu.com/assets/space.jpg]
[cdnjs.cloudflare.com/ajax/libs/jquery/2.1.3/jquery.min.js]
[cdnjs.cloudflare.com/ajax/libs/velocity/1.2.2/velocity.min.js]
[cdnjs.cloudflare.com/ajax/libs/velocity/1.2.2/velocity.ui.min.js]
[troika.ieeedtu.com/javaScript/modalScript.js]
[troika.ieeedtu.com/index.html]
[troika.ieeedtu.com/index-2.html]
[troika.ieeedtu.com/about.html]
[troika.ieeedtu.com/img/ChandanSir.jpg]
[troika.ieeedtu.com/img/VicechairpersonAryanMittal.jpg]
[troika.ieeedtu.com/img/Rashigarggeneralsecretary.jpg]
[troika.ieeedtu.com/img/himanshusir.jpg]
[troika.ieeedtu.com/img/souravsir.jpg]
[troika.ieeedtu.com/img/yaman.jpg]
[troika.ieeedtu.com/team.html]
[troika.ieeedtu.com/img/ICONS/BITS1.png]
[troika.ieeedtu.com/img/ICONS/BYTES1.png]
[troika.ieeedtu.com/img/ICONS/bots.png]
[troika.ieeedtu.com/img/ICONS/RADIX1.png]
[troika.ieeedtu.com/img/ICONS/ELECTROCUTION1.png]
[troika.ieeedtu.com/img/ICONS/BRAINWAVE1.png]
[troika.ieeedtu.com/img/ICONS/TECHNOVISION1.png]
[troika.ieeedtu.com/img/ICONS/DESIGNPRO1.png]
[troika.ieeedtu.com/img/ICONS/SPAC1.png]
[troika.ieeedtu.com/img/ICONS/bulls and bears.png]
[troika.ieeedtu.com/img/ICONS/SPAV2.png]
[troika.ieeedtu.com/img/ICONS/TODO EN UNO.png]
[troika.ieeedtu.com/img/ICONS/MIST1.png]
[troika.ieeedtu.com/javaScript/jquery.min.js]
[troika.ieeedtu.com/javaScript/events.js]
[troika.ieeedtu.com/javaScript/isotope.pkgd.min.js]
[troika.ieeedtu.com/javaScript/event-script.js]
[troika.ieeedtu.com/events.html]
[maxcdn.bootstrapcdn.com/font-awesome/4.6.3/css/font-awesome.min.css]
[troika.ieeedtu.com/img/bulb.gif]
[ajax.googleapis.com/ajax/libs/jquery/1.11.3/jquery.min.js]
[troika.ieeedtu.com/javaScript/slick.min.js]
[troika.ieeedtu.com/javaScript/jquery.countdown.min.js]
[troika.ieeedtu.com/javaScript/app.js]
[troika.ieeedtu.com/schedule.html]
[troika.ieeedtu.com/img/sponsors/CB.png]
[troika.ieeedtu.com/img/sponsors/cb1.png]
[troika.ieeedtu.com/img/sponsors/codepen.png]
[troika.ieeedtu.com/img/sponsors/flock.png]
[troika.ieeedtu.com/img/sponsors/img-5.png]
[troika.ieeedtu.com/img/sponsors/img-6.png]
[troika.ieeedtu.com/img/sponsors/img-9.png]
[troika.ieeedtu.com/img/sponsors/WAC.png]
[troika.ieeedtu.com/img/sponsors/zebronics.png]
[troika.ieeedtu.com/img/sponsors/ola.png]
[troika.ieeedtu.com/img/sponsors/sbi.jpg]
[troika.ieeedtu.com/img/sponsors/sail.jpg]
[troika.ieeedtu.com/sponsors.html]
[troika.ieeedtu.com/contact.html]
[cdnjs.cloudflare.com/ajax/libs/normalize/5.0.0/normalize.min.css]
[troika.ieeedtu.com/css/modalStyle.css]
[troika.ieeedtu.com/assets/dtu-oat/final.gltf]
[troika.ieeedtu.com/css/bootstrap.min.css]
[troika.ieeedtu.com/img/oat.jpg]
[troika.ieeedtu.com/css/event-default-theme.css]
[troika.ieeedtu.com/css/events.css]
[troika.ieeedtu.com/img/bits_changed.jpg]
[troika.ieeedtu.com/event/bits.html]
[troika.ieeedtu.com/img/bytes.jpg]
[troika.ieeedtu.com/event/bytes.html]
[troika.ieeedtu.com/img/radix.jpg]
[troika.ieeedtu.com/event/radix.html]
[troika.ieeedtu.com/img/bots.jpg]
[troika.ieeedtu.com/event/bots.html]
[troika.ieeedtu.com/event/electrocution.html]
[troika.ieeedtu.com/event/bw.html]
[troika.ieeedtu.com/event/techno.html]
[troika.ieeedtu.com/event/designpro.html]
[troika.ieeedtu.com/event/S-PAC.html]
[troika.ieeedtu.com/event/bnb.html]
[troika.ieeedtu.com/event/spave.html]
[troika.ieeedtu.com/event/todo.html]
[troika.ieeedtu.com/event/mist.html]
[troika.ieeedtu.com/npmcdn.com/isotope-layout@3.0.4/dist/isotope.pkgd.html]
[maxcdn.bootstrapcdn.com/font-awesome/4.6.3/css/font-awesome.min.css]
[troika.ieeedtu.com/css/slick.css]
[troika.ieeedtu.com/css/event-style.css]
[troika.ieeedtu.com/fonts/glyphicons-halflings-regular.html]
[troika.ieeedtu.com/fonts/glyphicons-halflings-regulard41dd41d.html]
[troika.ieeedtu.com/fonts/glyphicons-halflings-regular-2.html]
[troika.ieeedtu.com/fonts/glyphicons-halflings-regular-3.html]
[troika.ieeedtu.com/fonts/glyphicons-halflings-regular-4.html]
[troika.ieeedtu.com/fonts/glyphicons-halflings-regular-5.html]
[troika.ieeedtu.com/coming.html]
[troika.ieeedtu.com/img/conference2.jpg]
[troika.ieeedtu.com/img/bnb.jpg]
[troika.ieeedtu.com/img/spave.jpg]
[troika.ieeedtu.com/img/todo.jpg]
[troika.ieeedtu.com/img/mist1.jpg]
[troika.ieeedtu.com/img/sponsors/contact.jpg]
[troika.ieeedtu.com/img/bulb.gif]
[troika.ieeedtu.com/assets/dtu-oat/final.gltf]
[cdnjs.cloudflare.com/ajax/libs/jquery-backstretch/2.0.4/jquery.backstretch.min.js]
[troika.ieeedtu.com/img/watch.png]
[maxcdn.bootstrapcdn.com/font-awesome/4.5.0/css/font-awesome.min.css]
[troika.ieeedtu.com/img/electro.jpeg]
[troika.ieeedtu.com/img/brainwave.jpg]
[troika.ieeedtu.com/img/technovision1.jpg]
[troika.ieeedtu.com/img/designimage.jpg]
[troika.ieeedtu.com/css/assets/images/about-video-bg.jpg]
[troika.ieeedtu.com/css/com.css]
[maxcdn.bootstrapcdn.com/font-awesome/4.5.0/css/font-awesome.min.css]
[troika.ieeedtu.com/tools/jquery.min.js]
[troika.ieeedtu.com/css/socicon/font/socicon-webfont.html]
[troika.ieeedtu.com/css/socicon/font/socicon-webfontd41d.html]
[troika.ieeedtu.com/css/socicon/font/socicon-webfont-2.html]
[troika.ieeedtu.com/css/socicon/font/socicon-webfont-3.html]
[troika.ieeedtu.com/css/socicon/font/socicon-webfont-4.html]
[troika.ieeedtu.com/images/bg.html]
