[backblue.gif]
[fade.gif]
[index.html]
[www.jiitconverge.com/index.html]
[www.jiitconverge.com/Converge/images/meetteam/mt_6.png]
[www.jiitconverge.com/Converge/html/home.html]
[www.jiitconverge.com/Converge/images/title/converge-logo.png]
[www.google-analytics.com/analytics.js]
[www.jiitconverge.com/Converge/js/title-ripple-new2.js]
[www.jiitconverge.com/mobile]
[maxcdn.bootstrapcdn.com/bootstrap/3.3.6/js/bootstrap.min.js]
[www.jiitconverge.com/Converge/js/modernizr.custom.js]
[www.jiitconverge.com/Converge/images/title/textblack (1) (1).png]
[www.jiitconverge.com/Converge/images/checksp2017/znetlivelogo.png]
[www.znetlive.com/index.html]
[www.jiitconverge.com/Converge/js/queryScript.js]
[www.jiitconverge.com/Converge/images/bg/bg_black.jpg]
[www.jiitconverge.com/Converge/images/bg/bg_grey.png]
[www.jiitconverge.com/Converge/images/bg/bg_white.png]
[www.jiitconverge.com/Converge/images/buttons/back-arrow-black.png]
[www.instagram.com/jiitconverge/index.html]
[www.jiitconverge.com/Converge/images/buttons/back-arrow-white.png]
[www.jiitconverge.com/Converge/images/buttons/back-arrow-black-right.png]
[www.jiitconverge.com/Converge/images/buttons/back-arrow-white-right.png]
[www.jiitconverge.com/Converge/images/buttons/down-arrow-black.png]
[www.jiitconverge.com/Converge/images/buttons/down-arrow-white.png]
[www.jiitconverge.com/Converge/images/event/event1.png]
[www.jiitconverge.com/Converge/images/event/event2.png]
[www.jiitconverge.com/Converge/images/event-bg/cultural-poly.jpg]
[www.jiitconverge.com/Converge/images/event-bg/informal-poly.jpg]
[www.jiitconverge.com/Converge/images/event-bg/sports-poly.jpg]
[www.jiitconverge.com/Converge/images/event-bg/technical-poly.jpg]
[www.jiitconverge.com/Converge/images/event-bg/youth-marathon-poly.png]
[www.jiitconverge.com/Converge/images/meetteam/mt_1.png]
[www.jiitconverge.com/Converge/images/meetteam/mt_2.png]
[www.jiitconverge.com/Converge/images/meetteam/mt_3.png]
[www.jiitconverge.com/Converge/images/meetteam/mt_4.png]
[www.jiitconverge.com/Converge/images/meetteam/mt_5.png]
[www.jiitconverge.com/Converge/images/meetteam/mt_7.png]
[www.jiitconverge.com/Converge/images/reachus/reach-us1.png]
[www.jiitconverge.com/Converge/images/reachus/reach-us2.png]
[www.jiitconverge.com/Converge/images/title/sprite-converge.png]
[www.jiitconverge.com/Converge/images/title/title-converge.png]
[ajax.googleapis.com/ajax/libs/jquery/1.12.0/jquery.min.js]
[maxcdn.bootstrapcdn.com/bootstrap/3.3.6/css/bootstrap.min.css]
[fonts.googleapis.com/css04d3.css]
[fonts.googleapis.com/css76bd.css]
[www.jiitconverge.com/Converge/css/converge-style-new.css]
[www.jiitconverge.com/Converge/css/component.css]
[www.znetlive.com/index.html]
[www.facebook.com/jiitconverge.html]
[www.instagram.com/jiitconverge/index.html]
[www.facebook.com/jiitconverge.html]
